// Jest Snapshot v1, https://goo.gl/fbAQLP

exports[`Generate colors should generate "red" colors 1`] = `
Object {
  "red": Object {
    "100": "#FFDADA",
    "200": "#FFB3B3",
    "300": "#FF8888",
    "400": "#FF5353",
    "500": "#EF0000",
    "600": "#C00000",
    "700": "#930000",
    "800": "#690000",
    "900": "#410000",
    "default": "#FF0000",
  },
}
`;

exports[`Generate colors should generate HPLuv colors 1`] = `
Object {
  "red": Object {
    "100": "#FEDADA",
    "200": "#FDB4B4",
    "300": "#E69696",
    "400": "#C37E7E",
    "500": "#A16868",
    "600": "#815252",
    "700": "#623D3D",
    "800": "#442929",
    "900": "#291717",
    "default": "#FF0000",
  },
}
`;
